#-----------------------------------------------------------
# Vivado v2024.2.1 (64-bit)
# SW Build 5266912 on Sun Dec 15 09:03:24 MST 2024
# IP Build 5264866 on Sun Dec 15 16:27:47 MST 2024
# SharedData Build 5264680 on Wed Dec 11 12:48:36 MST 2024
# Start of session at: Mon Mar 17 14:37:41 2025
# Process ID         : 22384
# Current directory  : C:/FPGA/logtel/lab19_axi/lab19_axi.runs/impl_1
# Command line       : vivado.exe -log design_lab19_wrapper.vdi -applog -product Vivado -messageDb vivado.pb -mode batch -source design_lab19_wrapper.tcl -notrace
# Log file           : C:/FPGA/logtel/lab19_axi/lab19_axi.runs/impl_1/design_lab19_wrapper.vdi
# Journal file       : C:/FPGA/logtel/lab19_axi/lab19_axi.runs/impl_1\vivado.jou
# Running On         : dvirhersh_comp
# Platform           : Windows Server 2016 or Windows 10
# Operating System   : 26100
# Processor Detail   : 12th Gen Intel(R) Core(TM) i5-12450H
# CPU Frequency      : 2496 MHz
# CPU Physical cores : 8
# CPU Logical cores  : 12
# Host memory        : 16857 MB
# Swap memory        : 11811 MB
# Total Virtual      : 28668 MB
# Available Virtual  : 5360 MB
#-----------------------------------------------------------
source design_lab19_wrapper.tcl -notrace
